2025-03-07 16:21:19 DEBUG cache:45 - Couldn't find template in cache for "spark/test.ftl"("en", UTF-8, parsed); will try to load it.
2025-03-07 16:21:19 DEBUG cache:45 - TemplateLoader.findTemplateSource("spark/test_en.ftl"): Not found
2025-03-07 16:21:19 DEBUG cache:45 - TemplateLoader.findTemplateSource("spark/test.ftl"): Found
2025-03-07 16:21:19 DEBUG cache:45 - Loading template for "spark/test.ftl"("en", UTF-8, parsed) from "jar:file:/C:/Users/CG-DTE/.m2/repository/com/aventstack/extentreports/4.0.9/extentreports-4.0.9.jar!/com/aventstack/extentreports/view/spark/test.ftl"
2025-03-07 16:21:19 DEBUG cache:45 - Couldn't find template in cache for "commons/commons-variables.ftl"("en", UTF-8, parsed); will try to load it.
2025-03-07 16:21:19 DEBUG cache:45 - TemplateLoader.findTemplateSource("commons/commons-variables_en.ftl"): Not found
2025-03-07 16:21:19 DEBUG cache:45 - TemplateLoader.findTemplateSource("commons/commons-variables.ftl"): Found
2025-03-07 16:21:19 DEBUG cache:45 - Loading template for "commons/commons-variables.ftl"("en", UTF-8, parsed) from "jar:file:/C:/Users/CG-DTE/.m2/repository/com/aventstack/extentreports/4.0.9/extentreports-4.0.9.jar!/com/aventstack/extentreports/view/commons/commons-variables.ftl"
2025-03-07 16:21:19 DEBUG cache:45 - Couldn't find template in cache for "commons/commons-macros.ftl"("en", UTF-8, parsed); will try to load it.
2025-03-07 16:21:19 DEBUG cache:45 - TemplateLoader.findTemplateSource("commons/commons-macros_en.ftl"): Not found
2025-03-07 16:21:19 DEBUG cache:45 - TemplateLoader.findTemplateSource("commons/commons-macros.ftl"): Found
2025-03-07 16:21:19 DEBUG cache:45 - Loading template for "commons/commons-macros.ftl"("en", UTF-8, parsed) from "jar:file:/C:/Users/CG-DTE/.m2/repository/com/aventstack/extentreports/4.0.9/extentreports-4.0.9.jar!/com/aventstack/extentreports/view/commons/commons-macros.ftl"
2025-03-07 16:21:19 DEBUG cache:45 - Couldn't find template in cache for "spark/macros/attributes.ftl"("en", UTF-8, parsed); will try to load it.
2025-03-07 16:21:19 DEBUG cache:45 - TemplateLoader.findTemplateSource("spark/macros/attributes_en.ftl"): Not found
2025-03-07 16:21:19 DEBUG cache:45 - TemplateLoader.findTemplateSource("spark/macros/attributes.ftl"): Found
2025-03-07 16:21:19 DEBUG cache:45 - Loading template for "spark/macros/attributes.ftl"("en", UTF-8, parsed) from "jar:file:/C:/Users/CG-DTE/.m2/repository/com/aventstack/extentreports/4.0.9/extentreports-4.0.9.jar!/com/aventstack/extentreports/view/spark/macros/attributes.ftl"
2025-03-07 16:21:19 DEBUG cache:45 - Couldn't find template in cache for "spark/macros/log.ftl"("en", UTF-8, parsed); will try to load it.
2025-03-07 16:21:19 DEBUG cache:45 - TemplateLoader.findTemplateSource("spark/macros/log_en.ftl"): Not found
2025-03-07 16:21:19 DEBUG cache:45 - TemplateLoader.findTemplateSource("spark/macros/log.ftl"): Found
2025-03-07 16:21:19 DEBUG cache:45 - Loading template for "spark/macros/log.ftl"("en", UTF-8, parsed) from "jar:file:/C:/Users/CG-DTE/.m2/repository/com/aventstack/extentreports/4.0.9/extentreports-4.0.9.jar!/com/aventstack/extentreports/view/spark/macros/log.ftl"
2025-03-07 16:21:19 DEBUG cache:45 - Couldn't find template in cache for "spark/macros/recurse_nodes.ftl"("en", UTF-8, parsed); will try to load it.
2025-03-07 16:21:19 DEBUG cache:45 - TemplateLoader.findTemplateSource("spark/macros/recurse_nodes_en.ftl"): Not found
2025-03-07 16:21:19 DEBUG cache:45 - TemplateLoader.findTemplateSource("spark/macros/recurse_nodes.ftl"): Found
2025-03-07 16:21:19 DEBUG cache:45 - Loading template for "spark/macros/recurse_nodes.ftl"("en", UTF-8, parsed) from "jar:file:/C:/Users/CG-DTE/.m2/repository/com/aventstack/extentreports/4.0.9/extentreports-4.0.9.jar!/com/aventstack/extentreports/view/spark/macros/recurse_nodes.ftl"
2025-03-07 16:21:19 DEBUG cache:45 - "spark/macros/log.ftl"("en", UTF-8, parsed) cached copy not yet stale; using cached.
2025-03-07 16:21:19 DEBUG cache:45 - Couldn't find template in cache for "spark/partials/head.ftl"("en", UTF-8, parsed); will try to load it.
2025-03-07 16:21:19 DEBUG cache:45 - TemplateLoader.findTemplateSource("spark/partials/head_en.ftl"): Not found
2025-03-07 16:21:19 DEBUG cache:45 - TemplateLoader.findTemplateSource("spark/partials/head.ftl"): Found
2025-03-07 16:21:19 DEBUG cache:45 - Loading template for "spark/partials/head.ftl"("en", UTF-8, parsed) from "jar:file:/C:/Users/CG-DTE/.m2/repository/com/aventstack/extentreports/4.0.9/extentreports-4.0.9.jar!/com/aventstack/extentreports/view/spark/partials/head.ftl"
2025-03-07 16:21:19 DEBUG cache:45 - Couldn't find template in cache for "commons/commons-inject-css.ftl"("en", UTF-8, parsed); will try to load it.
2025-03-07 16:21:19 DEBUG cache:45 - TemplateLoader.findTemplateSource("commons/commons-inject-css_en.ftl"): Not found
2025-03-07 16:21:19 DEBUG cache:45 - TemplateLoader.findTemplateSource("commons/commons-inject-css.ftl"): Found
2025-03-07 16:21:20 DEBUG cache:45 - Loading template for "commons/commons-inject-css.ftl"("en", UTF-8, parsed) from "jar:file:/C:/Users/CG-DTE/.m2/repository/com/aventstack/extentreports/4.0.9/extentreports-4.0.9.jar!/com/aventstack/extentreports/view/commons/commons-inject-css.ftl"
2025-03-07 16:21:20 DEBUG cache:45 - Couldn't find template in cache for "spark/partials/navbar.ftl"("en", UTF-8, parsed); will try to load it.
2025-03-07 16:21:20 DEBUG cache:45 - TemplateLoader.findTemplateSource("spark/partials/navbar_en.ftl"): Not found
2025-03-07 16:21:20 DEBUG cache:45 - TemplateLoader.findTemplateSource("spark/partials/navbar.ftl"): Found
2025-03-07 16:21:20 DEBUG cache:45 - Loading template for "spark/partials/navbar.ftl"("en", UTF-8, parsed) from "jar:file:/C:/Users/CG-DTE/.m2/repository/com/aventstack/extentreports/4.0.9/extentreports-4.0.9.jar!/com/aventstack/extentreports/view/spark/partials/navbar.ftl"
2025-03-07 16:21:20 DEBUG cache:45 - Couldn't find template in cache for "spark/partials/sidenav.ftl"("en", UTF-8, parsed); will try to load it.
2025-03-07 16:21:20 DEBUG cache:45 - TemplateLoader.findTemplateSource("spark/partials/sidenav_en.ftl"): Not found
2025-03-07 16:21:20 DEBUG cache:45 - TemplateLoader.findTemplateSource("spark/partials/sidenav.ftl"): Found
2025-03-07 16:21:20 DEBUG cache:45 - Loading template for "spark/partials/sidenav.ftl"("en", UTF-8, parsed) from "jar:file:/C:/Users/CG-DTE/.m2/repository/com/aventstack/extentreports/4.0.9/extentreports-4.0.9.jar!/com/aventstack/extentreports/view/spark/partials/sidenav.ftl"
2025-03-07 16:21:20 DEBUG cache:45 - Couldn't find template in cache for "spark/partials/standard-content.ftl"("en", UTF-8, parsed); will try to load it.
2025-03-07 16:21:20 DEBUG cache:45 - TemplateLoader.findTemplateSource("spark/partials/standard-content_en.ftl"): Not found
2025-03-07 16:21:20 DEBUG cache:45 - TemplateLoader.findTemplateSource("spark/partials/standard-content.ftl"): Found
2025-03-07 16:21:20 DEBUG cache:45 - Loading template for "spark/partials/standard-content.ftl"("en", UTF-8, parsed) from "jar:file:/C:/Users/CG-DTE/.m2/repository/com/aventstack/extentreports/4.0.9/extentreports-4.0.9.jar!/com/aventstack/extentreports/view/spark/partials/standard-content.ftl"
2025-03-07 16:21:20 DEBUG cache:45 - "spark/partials/standard-content.ftl"("en", UTF-8, parsed) cached copy not yet stale; using cached.
2025-03-07 16:21:20 DEBUG cache:45 - "spark/partials/standard-content.ftl"("en", UTF-8, parsed) cached copy not yet stale; using cached.
2025-03-07 16:21:20 DEBUG cache:45 - "spark/partials/standard-content.ftl"("en", UTF-8, parsed) cached copy not yet stale; using cached.
2025-03-07 16:21:20 DEBUG cache:45 - "spark/partials/standard-content.ftl"("en", UTF-8, parsed) cached copy not yet stale; using cached.
2025-03-07 16:21:20 DEBUG cache:45 - "spark/partials/standard-content.ftl"("en", UTF-8, parsed) cached copy not yet stale; using cached.
2025-03-07 16:21:20 DEBUG cache:45 - "spark/partials/standard-content.ftl"("en", UTF-8, parsed) cached copy not yet stale; using cached.
2025-03-07 16:21:20 DEBUG cache:45 - "spark/partials/standard-content.ftl"("en", UTF-8, parsed) cached copy not yet stale; using cached.
2025-03-07 16:21:20 DEBUG cache:45 - "spark/partials/standard-content.ftl"("en", UTF-8, parsed) cached copy not yet stale; using cached.
2025-03-07 16:21:20 DEBUG cache:45 - Couldn't find template in cache for "spark/partials/scripts.ftl"("en", UTF-8, parsed); will try to load it.
2025-03-07 16:21:20 DEBUG cache:45 - TemplateLoader.findTemplateSource("spark/partials/scripts_en.ftl"): Not found
2025-03-07 16:21:20 DEBUG cache:45 - TemplateLoader.findTemplateSource("spark/partials/scripts.ftl"): Found
2025-03-07 16:21:20 DEBUG cache:45 - Loading template for "spark/partials/scripts.ftl"("en", UTF-8, parsed) from "jar:file:/C:/Users/CG-DTE/.m2/repository/com/aventstack/extentreports/4.0.9/extentreports-4.0.9.jar!/com/aventstack/extentreports/view/spark/partials/scripts.ftl"
2025-03-07 16:21:20 DEBUG cache:45 - Couldn't find template in cache for "spark/exception.ftl"("en", UTF-8, parsed); will try to load it.
2025-03-07 16:21:20 DEBUG cache:45 - TemplateLoader.findTemplateSource("spark/exception_en.ftl"): Not found
2025-03-07 16:21:20 DEBUG cache:45 - TemplateLoader.findTemplateSource("spark/exception.ftl"): Found
2025-03-07 16:21:20 DEBUG cache:45 - Loading template for "spark/exception.ftl"("en", UTF-8, parsed) from "jar:file:/C:/Users/CG-DTE/.m2/repository/com/aventstack/extentreports/4.0.9/extentreports-4.0.9.jar!/com/aventstack/extentreports/view/spark/exception.ftl"
2025-03-07 16:21:20 DEBUG cache:45 - Couldn't find template in cache for "commons/commons-variables.ftl"("en", UTF-8, parsed); will try to load it.
2025-03-07 16:21:20 DEBUG cache:45 - TemplateLoader.findTemplateSource("commons/commons-variables_en.ftl"): Not found
2025-03-07 16:21:20 DEBUG cache:45 - TemplateLoader.findTemplateSource("commons/commons-variables.ftl"): Found
2025-03-07 16:21:20 DEBUG cache:45 - Loading template for "commons/commons-variables.ftl"("en", UTF-8, parsed) from "jar:file:/C:/Users/CG-DTE/.m2/repository/com/aventstack/extentreports/4.0.9/extentreports-4.0.9.jar!/com/aventstack/extentreports/view/commons/commons-variables.ftl"
2025-03-07 16:21:20 DEBUG cache:45 - Couldn't find template in cache for "spark/partials/head.ftl"("en", UTF-8, parsed); will try to load it.
2025-03-07 16:21:20 DEBUG cache:45 - TemplateLoader.findTemplateSource("spark/partials/head_en.ftl"): Not found
2025-03-07 16:21:20 DEBUG cache:45 - TemplateLoader.findTemplateSource("spark/partials/head.ftl"): Found
2025-03-07 16:21:20 DEBUG cache:45 - Loading template for "spark/partials/head.ftl"("en", UTF-8, parsed) from "jar:file:/C:/Users/CG-DTE/.m2/repository/com/aventstack/extentreports/4.0.9/extentreports-4.0.9.jar!/com/aventstack/extentreports/view/spark/partials/head.ftl"
2025-03-07 16:21:20 DEBUG cache:45 - Couldn't find template in cache for "commons/commons-inject-css.ftl"("en", UTF-8, parsed); will try to load it.
2025-03-07 16:21:20 DEBUG cache:45 - TemplateLoader.findTemplateSource("commons/commons-inject-css_en.ftl"): Not found
2025-03-07 16:21:20 DEBUG cache:45 - TemplateLoader.findTemplateSource("commons/commons-inject-css.ftl"): Found
2025-03-07 16:21:20 DEBUG cache:45 - Loading template for "commons/commons-inject-css.ftl"("en", UTF-8, parsed) from "jar:file:/C:/Users/CG-DTE/.m2/repository/com/aventstack/extentreports/4.0.9/extentreports-4.0.9.jar!/com/aventstack/extentreports/view/commons/commons-inject-css.ftl"
2025-03-07 16:21:20 DEBUG cache:45 - Couldn't find template in cache for "spark/partials/navbar.ftl"("en", UTF-8, parsed); will try to load it.
2025-03-07 16:21:20 DEBUG cache:45 - TemplateLoader.findTemplateSource("spark/partials/navbar_en.ftl"): Not found
2025-03-07 16:21:20 DEBUG cache:45 - TemplateLoader.findTemplateSource("spark/partials/navbar.ftl"): Found
2025-03-07 16:21:20 DEBUG cache:45 - Loading template for "spark/partials/navbar.ftl"("en", UTF-8, parsed) from "jar:file:/C:/Users/CG-DTE/.m2/repository/com/aventstack/extentreports/4.0.9/extentreports-4.0.9.jar!/com/aventstack/extentreports/view/spark/partials/navbar.ftl"
2025-03-07 16:21:20 DEBUG cache:45 - Couldn't find template in cache for "spark/partials/sidenav.ftl"("en", UTF-8, parsed); will try to load it.
2025-03-07 16:21:20 DEBUG cache:45 - TemplateLoader.findTemplateSource("spark/partials/sidenav_en.ftl"): Not found
2025-03-07 16:21:20 DEBUG cache:45 - TemplateLoader.findTemplateSource("spark/partials/sidenav.ftl"): Found
2025-03-07 16:21:20 DEBUG cache:45 - Loading template for "spark/partials/sidenav.ftl"("en", UTF-8, parsed) from "jar:file:/C:/Users/CG-DTE/.m2/repository/com/aventstack/extentreports/4.0.9/extentreports-4.0.9.jar!/com/aventstack/extentreports/view/spark/partials/sidenav.ftl"
2025-03-07 16:21:20 DEBUG cache:45 - Couldn't find template in cache for "spark/partials/scripts.ftl"("en", UTF-8, parsed); will try to load it.
2025-03-07 16:21:20 DEBUG cache:45 - TemplateLoader.findTemplateSource("spark/partials/scripts_en.ftl"): Not found
2025-03-07 16:21:20 DEBUG cache:45 - TemplateLoader.findTemplateSource("spark/partials/scripts.ftl"): Found
2025-03-07 16:21:20 DEBUG cache:45 - Loading template for "spark/partials/scripts.ftl"("en", UTF-8, parsed) from "jar:file:/C:/Users/CG-DTE/.m2/repository/com/aventstack/extentreports/4.0.9/extentreports-4.0.9.jar!/com/aventstack/extentreports/view/spark/partials/scripts.ftl"
2025-03-07 16:21:20 DEBUG cache:45 - Couldn't find template in cache for "spark/dashboard.ftl"("en", UTF-8, parsed); will try to load it.
2025-03-07 16:21:20 DEBUG cache:45 - TemplateLoader.findTemplateSource("spark/dashboard_en.ftl"): Not found
2025-03-07 16:21:20 DEBUG cache:45 - TemplateLoader.findTemplateSource("spark/dashboard.ftl"): Found
2025-03-07 16:21:20 DEBUG cache:45 - Loading template for "spark/dashboard.ftl"("en", UTF-8, parsed) from "jar:file:/C:/Users/CG-DTE/.m2/repository/com/aventstack/extentreports/4.0.9/extentreports-4.0.9.jar!/com/aventstack/extentreports/view/spark/dashboard.ftl"
2025-03-07 16:21:20 DEBUG cache:45 - Couldn't find template in cache for "commons/commons-variables.ftl"("en", UTF-8, parsed); will try to load it.
2025-03-07 16:21:20 DEBUG cache:45 - TemplateLoader.findTemplateSource("commons/commons-variables_en.ftl"): Not found
2025-03-07 16:21:20 DEBUG cache:45 - TemplateLoader.findTemplateSource("commons/commons-variables.ftl"): Found
2025-03-07 16:21:20 DEBUG cache:45 - Loading template for "commons/commons-variables.ftl"("en", UTF-8, parsed) from "jar:file:/C:/Users/CG-DTE/.m2/repository/com/aventstack/extentreports/4.0.9/extentreports-4.0.9.jar!/com/aventstack/extentreports/view/commons/commons-variables.ftl"
2025-03-07 16:21:20 DEBUG cache:45 - Couldn't find template in cache for "spark/partials/head.ftl"("en", UTF-8, parsed); will try to load it.
2025-03-07 16:21:20 DEBUG cache:45 - TemplateLoader.findTemplateSource("spark/partials/head_en.ftl"): Not found
2025-03-07 16:21:20 DEBUG cache:45 - TemplateLoader.findTemplateSource("spark/partials/head.ftl"): Found
2025-03-07 16:21:20 DEBUG cache:45 - Loading template for "spark/partials/head.ftl"("en", UTF-8, parsed) from "jar:file:/C:/Users/CG-DTE/.m2/repository/com/aventstack/extentreports/4.0.9/extentreports-4.0.9.jar!/com/aventstack/extentreports/view/spark/partials/head.ftl"
2025-03-07 16:21:20 DEBUG cache:45 - Couldn't find template in cache for "commons/commons-inject-css.ftl"("en", UTF-8, parsed); will try to load it.
2025-03-07 16:21:20 DEBUG cache:45 - TemplateLoader.findTemplateSource("commons/commons-inject-css_en.ftl"): Not found
2025-03-07 16:21:20 DEBUG cache:45 - TemplateLoader.findTemplateSource("commons/commons-inject-css.ftl"): Found
2025-03-07 16:21:20 DEBUG cache:45 - Loading template for "commons/commons-inject-css.ftl"("en", UTF-8, parsed) from "jar:file:/C:/Users/CG-DTE/.m2/repository/com/aventstack/extentreports/4.0.9/extentreports-4.0.9.jar!/com/aventstack/extentreports/view/commons/commons-inject-css.ftl"
2025-03-07 16:21:20 DEBUG cache:45 - Couldn't find template in cache for "spark/partials/navbar.ftl"("en", UTF-8, parsed); will try to load it.
2025-03-07 16:21:20 DEBUG cache:45 - TemplateLoader.findTemplateSource("spark/partials/navbar_en.ftl"): Not found
2025-03-07 16:21:20 DEBUG cache:45 - TemplateLoader.findTemplateSource("spark/partials/navbar.ftl"): Found
2025-03-07 16:21:20 DEBUG cache:45 - Loading template for "spark/partials/navbar.ftl"("en", UTF-8, parsed) from "jar:file:/C:/Users/CG-DTE/.m2/repository/com/aventstack/extentreports/4.0.9/extentreports-4.0.9.jar!/com/aventstack/extentreports/view/spark/partials/navbar.ftl"
2025-03-07 16:21:20 DEBUG cache:45 - Couldn't find template in cache for "spark/partials/sidenav.ftl"("en", UTF-8, parsed); will try to load it.
2025-03-07 16:21:20 DEBUG cache:45 - TemplateLoader.findTemplateSource("spark/partials/sidenav_en.ftl"): Not found
2025-03-07 16:21:20 DEBUG cache:45 - TemplateLoader.findTemplateSource("spark/partials/sidenav.ftl"): Found
2025-03-07 16:21:20 DEBUG cache:45 - Loading template for "spark/partials/sidenav.ftl"("en", UTF-8, parsed) from "jar:file:/C:/Users/CG-DTE/.m2/repository/com/aventstack/extentreports/4.0.9/extentreports-4.0.9.jar!/com/aventstack/extentreports/view/spark/partials/sidenav.ftl"
2025-03-07 16:21:20 DEBUG cache:45 - Couldn't find template in cache for "spark/partials/scripts.ftl"("en", UTF-8, parsed); will try to load it.
2025-03-07 16:21:20 DEBUG cache:45 - TemplateLoader.findTemplateSource("spark/partials/scripts_en.ftl"): Not found
2025-03-07 16:21:20 DEBUG cache:45 - TemplateLoader.findTemplateSource("spark/partials/scripts.ftl"): Found
2025-03-07 16:21:20 DEBUG cache:45 - Loading template for "spark/partials/scripts.ftl"("en", UTF-8, parsed) from "jar:file:/C:/Users/CG-DTE/.m2/repository/com/aventstack/extentreports/4.0.9/extentreports-4.0.9.jar!/com/aventstack/extentreports/view/spark/partials/scripts.ftl"
2025-03-07 16:24:03 DEBUG cache:45 - Couldn't find template in cache for "spark/test.ftl"("en", UTF-8, parsed); will try to load it.
2025-03-07 16:24:03 DEBUG cache:45 - TemplateLoader.findTemplateSource("spark/test_en.ftl"): Not found
2025-03-07 16:24:03 DEBUG cache:45 - TemplateLoader.findTemplateSource("spark/test.ftl"): Found
2025-03-07 16:24:03 DEBUG cache:45 - Loading template for "spark/test.ftl"("en", UTF-8, parsed) from "jar:file:/C:/Users/CG-DTE/.m2/repository/com/aventstack/extentreports/4.0.9/extentreports-4.0.9.jar!/com/aventstack/extentreports/view/spark/test.ftl"
2025-03-07 16:24:03 DEBUG cache:45 - Couldn't find template in cache for "commons/commons-variables.ftl"("en", UTF-8, parsed); will try to load it.
2025-03-07 16:24:03 DEBUG cache:45 - TemplateLoader.findTemplateSource("commons/commons-variables_en.ftl"): Not found
2025-03-07 16:24:03 DEBUG cache:45 - TemplateLoader.findTemplateSource("commons/commons-variables.ftl"): Found
2025-03-07 16:24:03 DEBUG cache:45 - Loading template for "commons/commons-variables.ftl"("en", UTF-8, parsed) from "jar:file:/C:/Users/CG-DTE/.m2/repository/com/aventstack/extentreports/4.0.9/extentreports-4.0.9.jar!/com/aventstack/extentreports/view/commons/commons-variables.ftl"
2025-03-07 16:24:04 DEBUG cache:45 - Couldn't find template in cache for "commons/commons-macros.ftl"("en", UTF-8, parsed); will try to load it.
2025-03-07 16:24:04 DEBUG cache:45 - TemplateLoader.findTemplateSource("commons/commons-macros_en.ftl"): Not found
2025-03-07 16:24:04 DEBUG cache:45 - TemplateLoader.findTemplateSource("commons/commons-macros.ftl"): Found
2025-03-07 16:24:04 DEBUG cache:45 - Loading template for "commons/commons-macros.ftl"("en", UTF-8, parsed) from "jar:file:/C:/Users/CG-DTE/.m2/repository/com/aventstack/extentreports/4.0.9/extentreports-4.0.9.jar!/com/aventstack/extentreports/view/commons/commons-macros.ftl"
2025-03-07 16:24:04 DEBUG cache:45 - Couldn't find template in cache for "spark/macros/attributes.ftl"("en", UTF-8, parsed); will try to load it.
2025-03-07 16:24:04 DEBUG cache:45 - TemplateLoader.findTemplateSource("spark/macros/attributes_en.ftl"): Not found
2025-03-07 16:24:04 DEBUG cache:45 - TemplateLoader.findTemplateSource("spark/macros/attributes.ftl"): Found
2025-03-07 16:24:04 DEBUG cache:45 - Loading template for "spark/macros/attributes.ftl"("en", UTF-8, parsed) from "jar:file:/C:/Users/CG-DTE/.m2/repository/com/aventstack/extentreports/4.0.9/extentreports-4.0.9.jar!/com/aventstack/extentreports/view/spark/macros/attributes.ftl"
2025-03-07 16:24:04 DEBUG cache:45 - Couldn't find template in cache for "spark/macros/log.ftl"("en", UTF-8, parsed); will try to load it.
2025-03-07 16:24:04 DEBUG cache:45 - TemplateLoader.findTemplateSource("spark/macros/log_en.ftl"): Not found
2025-03-07 16:24:04 DEBUG cache:45 - TemplateLoader.findTemplateSource("spark/macros/log.ftl"): Found
2025-03-07 16:24:04 DEBUG cache:45 - Loading template for "spark/macros/log.ftl"("en", UTF-8, parsed) from "jar:file:/C:/Users/CG-DTE/.m2/repository/com/aventstack/extentreports/4.0.9/extentreports-4.0.9.jar!/com/aventstack/extentreports/view/spark/macros/log.ftl"
2025-03-07 16:24:04 DEBUG cache:45 - Couldn't find template in cache for "spark/macros/recurse_nodes.ftl"("en", UTF-8, parsed); will try to load it.
2025-03-07 16:24:04 DEBUG cache:45 - TemplateLoader.findTemplateSource("spark/macros/recurse_nodes_en.ftl"): Not found
2025-03-07 16:24:04 DEBUG cache:45 - TemplateLoader.findTemplateSource("spark/macros/recurse_nodes.ftl"): Found
2025-03-07 16:24:04 DEBUG cache:45 - Loading template for "spark/macros/recurse_nodes.ftl"("en", UTF-8, parsed) from "jar:file:/C:/Users/CG-DTE/.m2/repository/com/aventstack/extentreports/4.0.9/extentreports-4.0.9.jar!/com/aventstack/extentreports/view/spark/macros/recurse_nodes.ftl"
2025-03-07 16:24:04 DEBUG cache:45 - "spark/macros/log.ftl"("en", UTF-8, parsed) cached copy not yet stale; using cached.
2025-03-07 16:24:04 DEBUG cache:45 - Couldn't find template in cache for "spark/partials/head.ftl"("en", UTF-8, parsed); will try to load it.
2025-03-07 16:24:04 DEBUG cache:45 - TemplateLoader.findTemplateSource("spark/partials/head_en.ftl"): Not found
2025-03-07 16:24:04 DEBUG cache:45 - TemplateLoader.findTemplateSource("spark/partials/head.ftl"): Found
2025-03-07 16:24:04 DEBUG cache:45 - Loading template for "spark/partials/head.ftl"("en", UTF-8, parsed) from "jar:file:/C:/Users/CG-DTE/.m2/repository/com/aventstack/extentreports/4.0.9/extentreports-4.0.9.jar!/com/aventstack/extentreports/view/spark/partials/head.ftl"
2025-03-07 16:24:04 DEBUG cache:45 - Couldn't find template in cache for "commons/commons-inject-css.ftl"("en", UTF-8, parsed); will try to load it.
2025-03-07 16:24:04 DEBUG cache:45 - TemplateLoader.findTemplateSource("commons/commons-inject-css_en.ftl"): Not found
2025-03-07 16:24:04 DEBUG cache:45 - TemplateLoader.findTemplateSource("commons/commons-inject-css.ftl"): Found
2025-03-07 16:24:04 DEBUG cache:45 - Loading template for "commons/commons-inject-css.ftl"("en", UTF-8, parsed) from "jar:file:/C:/Users/CG-DTE/.m2/repository/com/aventstack/extentreports/4.0.9/extentreports-4.0.9.jar!/com/aventstack/extentreports/view/commons/commons-inject-css.ftl"
2025-03-07 16:24:04 DEBUG cache:45 - Couldn't find template in cache for "spark/partials/navbar.ftl"("en", UTF-8, parsed); will try to load it.
2025-03-07 16:24:04 DEBUG cache:45 - TemplateLoader.findTemplateSource("spark/partials/navbar_en.ftl"): Not found
2025-03-07 16:24:04 DEBUG cache:45 - TemplateLoader.findTemplateSource("spark/partials/navbar.ftl"): Found
2025-03-07 16:24:04 DEBUG cache:45 - Loading template for "spark/partials/navbar.ftl"("en", UTF-8, parsed) from "jar:file:/C:/Users/CG-DTE/.m2/repository/com/aventstack/extentreports/4.0.9/extentreports-4.0.9.jar!/com/aventstack/extentreports/view/spark/partials/navbar.ftl"
2025-03-07 16:24:04 DEBUG cache:45 - Couldn't find template in cache for "spark/partials/sidenav.ftl"("en", UTF-8, parsed); will try to load it.
2025-03-07 16:24:04 DEBUG cache:45 - TemplateLoader.findTemplateSource("spark/partials/sidenav_en.ftl"): Not found
2025-03-07 16:24:04 DEBUG cache:45 - TemplateLoader.findTemplateSource("spark/partials/sidenav.ftl"): Found
2025-03-07 16:24:04 DEBUG cache:45 - Loading template for "spark/partials/sidenav.ftl"("en", UTF-8, parsed) from "jar:file:/C:/Users/CG-DTE/.m2/repository/com/aventstack/extentreports/4.0.9/extentreports-4.0.9.jar!/com/aventstack/extentreports/view/spark/partials/sidenav.ftl"
2025-03-07 16:24:04 DEBUG cache:45 - Couldn't find template in cache for "spark/partials/standard-content.ftl"("en", UTF-8, parsed); will try to load it.
2025-03-07 16:24:04 DEBUG cache:45 - TemplateLoader.findTemplateSource("spark/partials/standard-content_en.ftl"): Not found
2025-03-07 16:24:04 DEBUG cache:45 - TemplateLoader.findTemplateSource("spark/partials/standard-content.ftl"): Found
2025-03-07 16:24:04 DEBUG cache:45 - Loading template for "spark/partials/standard-content.ftl"("en", UTF-8, parsed) from "jar:file:/C:/Users/CG-DTE/.m2/repository/com/aventstack/extentreports/4.0.9/extentreports-4.0.9.jar!/com/aventstack/extentreports/view/spark/partials/standard-content.ftl"
2025-03-07 16:24:04 DEBUG cache:45 - "spark/partials/standard-content.ftl"("en", UTF-8, parsed) cached copy not yet stale; using cached.
2025-03-07 16:24:04 DEBUG cache:45 - "spark/partials/standard-content.ftl"("en", UTF-8, parsed) cached copy not yet stale; using cached.
2025-03-07 16:24:04 DEBUG cache:45 - "spark/partials/standard-content.ftl"("en", UTF-8, parsed) cached copy not yet stale; using cached.
2025-03-07 16:24:04 DEBUG cache:45 - "spark/partials/standard-content.ftl"("en", UTF-8, parsed) cached copy not yet stale; using cached.
2025-03-07 16:24:04 DEBUG cache:45 - "spark/partials/standard-content.ftl"("en", UTF-8, parsed) cached copy not yet stale; using cached.
2025-03-07 16:24:04 DEBUG cache:45 - Couldn't find template in cache for "spark/partials/scripts.ftl"("en", UTF-8, parsed); will try to load it.
2025-03-07 16:24:04 DEBUG cache:45 - TemplateLoader.findTemplateSource("spark/partials/scripts_en.ftl"): Not found
2025-03-07 16:24:04 DEBUG cache:45 - TemplateLoader.findTemplateSource("spark/partials/scripts.ftl"): Found
2025-03-07 16:24:04 DEBUG cache:45 - Loading template for "spark/partials/scripts.ftl"("en", UTF-8, parsed) from "jar:file:/C:/Users/CG-DTE/.m2/repository/com/aventstack/extentreports/4.0.9/extentreports-4.0.9.jar!/com/aventstack/extentreports/view/spark/partials/scripts.ftl"
2025-03-07 16:24:04 DEBUG cache:45 - Couldn't find template in cache for "spark/dashboard.ftl"("en", UTF-8, parsed); will try to load it.
2025-03-07 16:24:04 DEBUG cache:45 - TemplateLoader.findTemplateSource("spark/dashboard_en.ftl"): Not found
2025-03-07 16:24:04 DEBUG cache:45 - TemplateLoader.findTemplateSource("spark/dashboard.ftl"): Found
2025-03-07 16:24:04 DEBUG cache:45 - Loading template for "spark/dashboard.ftl"("en", UTF-8, parsed) from "jar:file:/C:/Users/CG-DTE/.m2/repository/com/aventstack/extentreports/4.0.9/extentreports-4.0.9.jar!/com/aventstack/extentreports/view/spark/dashboard.ftl"
2025-03-07 16:24:04 DEBUG cache:45 - Couldn't find template in cache for "commons/commons-variables.ftl"("en", UTF-8, parsed); will try to load it.
2025-03-07 16:24:04 DEBUG cache:45 - TemplateLoader.findTemplateSource("commons/commons-variables_en.ftl"): Not found
2025-03-07 16:24:04 DEBUG cache:45 - TemplateLoader.findTemplateSource("commons/commons-variables.ftl"): Found
2025-03-07 16:24:04 DEBUG cache:45 - Loading template for "commons/commons-variables.ftl"("en", UTF-8, parsed) from "jar:file:/C:/Users/CG-DTE/.m2/repository/com/aventstack/extentreports/4.0.9/extentreports-4.0.9.jar!/com/aventstack/extentreports/view/commons/commons-variables.ftl"
2025-03-07 16:24:04 DEBUG cache:45 - Couldn't find template in cache for "spark/partials/head.ftl"("en", UTF-8, parsed); will try to load it.
2025-03-07 16:24:04 DEBUG cache:45 - TemplateLoader.findTemplateSource("spark/partials/head_en.ftl"): Not found
2025-03-07 16:24:04 DEBUG cache:45 - TemplateLoader.findTemplateSource("spark/partials/head.ftl"): Found
2025-03-07 16:24:04 DEBUG cache:45 - Loading template for "spark/partials/head.ftl"("en", UTF-8, parsed) from "jar:file:/C:/Users/CG-DTE/.m2/repository/com/aventstack/extentreports/4.0.9/extentreports-4.0.9.jar!/com/aventstack/extentreports/view/spark/partials/head.ftl"
2025-03-07 16:24:04 DEBUG cache:45 - Couldn't find template in cache for "commons/commons-inject-css.ftl"("en", UTF-8, parsed); will try to load it.
2025-03-07 16:24:04 DEBUG cache:45 - TemplateLoader.findTemplateSource("commons/commons-inject-css_en.ftl"): Not found
2025-03-07 16:24:04 DEBUG cache:45 - TemplateLoader.findTemplateSource("commons/commons-inject-css.ftl"): Found
2025-03-07 16:24:04 DEBUG cache:45 - Loading template for "commons/commons-inject-css.ftl"("en", UTF-8, parsed) from "jar:file:/C:/Users/CG-DTE/.m2/repository/com/aventstack/extentreports/4.0.9/extentreports-4.0.9.jar!/com/aventstack/extentreports/view/commons/commons-inject-css.ftl"
2025-03-07 16:24:04 DEBUG cache:45 - Couldn't find template in cache for "spark/partials/navbar.ftl"("en", UTF-8, parsed); will try to load it.
2025-03-07 16:24:04 DEBUG cache:45 - TemplateLoader.findTemplateSource("spark/partials/navbar_en.ftl"): Not found
2025-03-07 16:24:04 DEBUG cache:45 - TemplateLoader.findTemplateSource("spark/partials/navbar.ftl"): Found
2025-03-07 16:24:04 DEBUG cache:45 - Loading template for "spark/partials/navbar.ftl"("en", UTF-8, parsed) from "jar:file:/C:/Users/CG-DTE/.m2/repository/com/aventstack/extentreports/4.0.9/extentreports-4.0.9.jar!/com/aventstack/extentreports/view/spark/partials/navbar.ftl"
2025-03-07 16:24:04 DEBUG cache:45 - Couldn't find template in cache for "spark/partials/sidenav.ftl"("en", UTF-8, parsed); will try to load it.
2025-03-07 16:24:04 DEBUG cache:45 - TemplateLoader.findTemplateSource("spark/partials/sidenav_en.ftl"): Not found
2025-03-07 16:24:04 DEBUG cache:45 - TemplateLoader.findTemplateSource("spark/partials/sidenav.ftl"): Found
2025-03-07 16:24:04 DEBUG cache:45 - Loading template for "spark/partials/sidenav.ftl"("en", UTF-8, parsed) from "jar:file:/C:/Users/CG-DTE/.m2/repository/com/aventstack/extentreports/4.0.9/extentreports-4.0.9.jar!/com/aventstack/extentreports/view/spark/partials/sidenav.ftl"
2025-03-07 16:24:04 DEBUG cache:45 - Couldn't find template in cache for "spark/partials/scripts.ftl"("en", UTF-8, parsed); will try to load it.
2025-03-07 16:24:04 DEBUG cache:45 - TemplateLoader.findTemplateSource("spark/partials/scripts_en.ftl"): Not found
2025-03-07 16:24:04 DEBUG cache:45 - TemplateLoader.findTemplateSource("spark/partials/scripts.ftl"): Found
2025-03-07 16:24:04 DEBUG cache:45 - Loading template for "spark/partials/scripts.ftl"("en", UTF-8, parsed) from "jar:file:/C:/Users/CG-DTE/.m2/repository/com/aventstack/extentreports/4.0.9/extentreports-4.0.9.jar!/com/aventstack/extentreports/view/spark/partials/scripts.ftl"
